============================================================
META-S Endpoint Test Suite
Base URL: http://localhost:8000/api/v1
Test User: test_ce2bf38a@example.com
============================================================

--- Health Check ---
[+] Health Check: PASS | Status: 200

--- Register ---
[-] Register: FAIL | Status: 500

--- Register Duplicate ---
[-] Register Duplicate Rejected: FAIL | Status: 500

--- Login ---
[-] Login: FAIL | Status: 401

--- Login Wrong Password ---
[+] Login Wrong Password Rejected: PASS | Status: 401

Cannot proceed without access token. Exiting.
